Archive member included to satisfy reference by file (symbol)

C:\nxp\work\lpc800_driver_lib\Debug\liblpc800_driver_lib.a(lpc8xx_gpio.o)
                              ./src/main.o (GPIOSetBitValue)
c:/nxp/lpcxpresso_8.1.0_597/lpcxpresso/tools/bin/../lib/gcc/arm-none-eabi/5.2.1/../../../../arm-none-eabi/lib/armv6-m\libcr_c.a(__weak__main.o)
                              ./src/cr_startup_lpc8xx.o (__main)
c:/nxp/lpcxpresso_8.1.0_597/lpcxpresso/tools/bin/../lib/gcc/arm-none-eabi/5.2.1/../../../../arm-none-eabi/lib/armv6-m\libcr_c.a(strcmp.o)
                              ./src/main.o (strcmp)
c:/nxp/lpcxpresso_8.1.0_597/lpcxpresso/tools/bin/../lib/gcc/arm-none-eabi/5.2.1/../../../../arm-none-eabi/lib/armv6-m\libcr_c.a(strlen.o)
                              ./src/main.o (strlen)
c:/nxp/lpcxpresso_8.1.0_597/lpcxpresso/tools/bin/../lib/gcc/arm-none-eabi/5.2.1/../../../../arm-none-eabi/lib/armv6-m\libcr_c.a(strncmp.o)
                              ./src/main.o (strncmp)
c:/nxp/lpcxpresso_8.1.0_597/lpcxpresso/tools/bin/../lib/gcc/arm-none-eabi/5.2.1/../../../../arm-none-eabi/lib/armv6-m\libcr_c.a(strncpy.o)
                              ./src/main.o (strncpy)
c:/nxp/lpcxpresso_8.1.0_597/lpcxpresso/tools/bin/../lib/gcc/arm-none-eabi/5.2.1/armv6-m\libcr_eabihelpers.a(division_32.o)
                              ./src/system_LPC8xx.o (__aeabi_uidiv)
c:/nxp/lpcxpresso_8.1.0_597/lpcxpresso/tools/bin/../lib/gcc/arm-none-eabi/5.2.1/armv6-m\libcr_eabihelpers.a(division_idiv0.o)
                              c:/nxp/lpcxpresso_8.1.0_597/lpcxpresso/tools/bin/../lib/gcc/arm-none-eabi/5.2.1/armv6-m\libcr_eabihelpers.a(division_32.o) (__aeabi_idiv0)

Discarded input sections

 .text          0x00000000        0x0 ./src/cr_startup_lpc8xx.o
 .data          0x00000000        0x0 ./src/cr_startup_lpc8xx.o
 .bss           0x00000000        0x0 ./src/cr_startup_lpc8xx.o
 .text          0x00000000        0x0 ./src/crp.o
 .data          0x00000000        0x0 ./src/crp.o
 .bss           0x00000000        0x0 ./src/crp.o
 .text          0x00000000        0x0 ./src/main.o
 .data          0x00000000        0x0 ./src/main.o
 .bss           0x00000000        0x0 ./src/main.o
 .text.SwitchMatrix_Init
                0x00000000       0x28 ./src/main.o
 .text.pow_get  0x00000000       0x20 ./src/main.o
 .text          0x00000000        0x0 ./src/mrt.o
 .data          0x00000000        0x0 ./src/mrt.o
 .bss           0x00000000        0x0 ./src/mrt.o
 .text          0x00000000        0x0 ./src/system_LPC8xx.o
 .data          0x00000000        0x0 ./src/system_LPC8xx.o
 .bss           0x00000000        0x0 ./src/system_LPC8xx.o
 .text          0x00000000        0x0 ./src/uart.o
 .data          0x00000000        0x0 ./src/uart.o
 .bss           0x00000000        0x0 ./src/uart.o
 .text.uart0SendChar
                0x00000000       0x14 ./src/uart.o
 .text.uart0Send
                0x00000000       0x24 ./src/uart.o
 .group         0x00000000        0x8 C:\nxp\work\lpc800_driver_lib\Debug\liblpc800_driver_lib.a(lpc8xx_gpio.o)
 .group         0x00000000        0x8 C:\nxp\work\lpc800_driver_lib\Debug\liblpc800_driver_lib.a(lpc8xx_gpio.o)
 .group         0x00000000        0x8 C:\nxp\work\lpc800_driver_lib\Debug\liblpc800_driver_lib.a(lpc8xx_gpio.o)
 .group         0x00000000        0x8 C:\nxp\work\lpc800_driver_lib\Debug\liblpc800_driver_lib.a(lpc8xx_gpio.o)
 .group         0x00000000        0x8 C:\nxp\work\lpc800_driver_lib\Debug\liblpc800_driver_lib.a(lpc8xx_gpio.o)
 .group         0x00000000        0x8 C:\nxp\work\lpc800_driver_lib\Debug\liblpc800_driver_lib.a(lpc8xx_gpio.o)
 .group         0x00000000        0x8 C:\nxp\work\lpc800_driver_lib\Debug\liblpc800_driver_lib.a(lpc8xx_gpio.o)
 .group         0x00000000        0x8 C:\nxp\work\lpc800_driver_lib\Debug\liblpc800_driver_lib.a(lpc8xx_gpio.o)
 .group         0x00000000        0x8 C:\nxp\work\lpc800_driver_lib\Debug\liblpc800_driver_lib.a(lpc8xx_gpio.o)
 .group         0x00000000        0x8 C:\nxp\work\lpc800_driver_lib\Debug\liblpc800_driver_lib.a(lpc8xx_gpio.o)
 .group         0x00000000        0x8 C:\nxp\work\lpc800_driver_lib\Debug\liblpc800_driver_lib.a(lpc8xx_gpio.o)
 .text          0x00000000        0x0 C:\nxp\work\lpc800_driver_lib\Debug\liblpc800_driver_lib.a(lpc8xx_gpio.o)
 .data          0x00000000        0x0 C:\nxp\work\lpc800_driver_lib\Debug\liblpc800_driver_lib.a(lpc8xx_gpio.o)
 .bss           0x00000000        0x0 C:\nxp\work\lpc800_driver_lib\Debug\liblpc800_driver_lib.a(lpc8xx_gpio.o)
 .text.NVIC_EnableIRQ
                0x00000000       0x2c C:\nxp\work\lpc800_driver_lib\Debug\liblpc800_driver_lib.a(lpc8xx_gpio.o)
 .bss.gint0_counter
                0x00000000        0x4 C:\nxp\work\lpc800_driver_lib\Debug\liblpc800_driver_lib.a(lpc8xx_gpio.o)
 .bss.gint1_counter
                0x00000000        0x4 C:\nxp\work\lpc800_driver_lib\Debug\liblpc800_driver_lib.a(lpc8xx_gpio.o)
 .bss.gint0_level_counter
                0x00000000        0x4 C:\nxp\work\lpc800_driver_lib\Debug\liblpc800_driver_lib.a(lpc8xx_gpio.o)
 .bss.gint0_edge_counter
                0x00000000        0x4 C:\nxp\work\lpc800_driver_lib\Debug\liblpc800_driver_lib.a(lpc8xx_gpio.o)
 .bss.gint1_level_counter
                0x00000000        0x4 C:\nxp\work\lpc800_driver_lib\Debug\liblpc800_driver_lib.a(lpc8xx_gpio.o)
 .bss.gint1_edge_counter
                0x00000000        0x4 C:\nxp\work\lpc800_driver_lib\Debug\liblpc800_driver_lib.a(lpc8xx_gpio.o)
 .text.PIN3_IRQHandler
                0x00000000       0x10 C:\nxp\work\lpc800_driver_lib\Debug\liblpc800_driver_lib.a(lpc8xx_gpio.o)
 .text.GPIOInit
                0x00000000       0x3c C:\nxp\work\lpc800_driver_lib\Debug\liblpc800_driver_lib.a(lpc8xx_gpio.o)
 .text.GPIOSetPinInterrupt
                0x00000000       0xd8 C:\nxp\work\lpc800_driver_lib\Debug\liblpc800_driver_lib.a(lpc8xx_gpio.o)
 .text.GPIOPinIntEnable
                0x00000000       0x68 C:\nxp\work\lpc800_driver_lib\Debug\liblpc800_driver_lib.a(lpc8xx_gpio.o)
 .text.GPIOPinIntDisable
                0x00000000       0x68 C:\nxp\work\lpc800_driver_lib\Debug\liblpc800_driver_lib.a(lpc8xx_gpio.o)
 .text.GPIOPinIntStatus
                0x00000000       0x2c C:\nxp\work\lpc800_driver_lib\Debug\liblpc800_driver_lib.a(lpc8xx_gpio.o)
 .text.GPIOPinIntClear
                0x00000000       0x34 C:\nxp\work\lpc800_driver_lib\Debug\liblpc800_driver_lib.a(lpc8xx_gpio.o)
 .text.GPIOGetPinValue
                0x00000000       0x4c C:\nxp\work\lpc800_driver_lib\Debug\liblpc800_driver_lib.a(lpc8xx_gpio.o)
 .text.GPIOPatternMatchInit
                0x00000000       0x18 C:\nxp\work\lpc800_driver_lib\Debug\liblpc800_driver_lib.a(lpc8xx_gpio.o)
 .text.GPIOSetPatternMatchInput
                0x00000000       0x24 C:\nxp\work\lpc800_driver_lib\Debug\liblpc800_driver_lib.a(lpc8xx_gpio.o)
 .text.GPIOSetPatternMatchSlice
                0x00000000       0xb8 C:\nxp\work\lpc800_driver_lib\Debug\liblpc800_driver_lib.a(lpc8xx_gpio.o)
 .text.GPIOPatternMatchEnable
                0x00000000       0x48 C:\nxp\work\lpc800_driver_lib\Debug\liblpc800_driver_lib.a(lpc8xx_gpio.o)
 .text          0x00000000        0x0 c:/nxp/lpcxpresso_8.1.0_597/lpcxpresso/tools/bin/../lib/gcc/arm-none-eabi/5.2.1/../../../../arm-none-eabi/lib/armv6-m\libcr_c.a(__weak__main.o)
 .data          0x00000000        0x0 c:/nxp/lpcxpresso_8.1.0_597/lpcxpresso/tools/bin/../lib/gcc/arm-none-eabi/5.2.1/../../../../arm-none-eabi/lib/armv6-m\libcr_c.a(__weak__main.o)
 .bss           0x00000000        0x0 c:/nxp/lpcxpresso_8.1.0_597/lpcxpresso/tools/bin/../lib/gcc/arm-none-eabi/5.2.1/../../../../arm-none-eabi/lib/armv6-m\libcr_c.a(__weak__main.o)
 .text          0x00000000        0x0 c:/nxp/lpcxpresso_8.1.0_597/lpcxpresso/tools/bin/../lib/gcc/arm-none-eabi/5.2.1/../../../../arm-none-eabi/lib/armv6-m\libcr_c.a(strcmp.o)
 .data          0x00000000        0x0 c:/nxp/lpcxpresso_8.1.0_597/lpcxpresso/tools/bin/../lib/gcc/arm-none-eabi/5.2.1/../../../../arm-none-eabi/lib/armv6-m\libcr_c.a(strcmp.o)
 .bss           0x00000000        0x0 c:/nxp/lpcxpresso_8.1.0_597/lpcxpresso/tools/bin/../lib/gcc/arm-none-eabi/5.2.1/../../../../arm-none-eabi/lib/armv6-m\libcr_c.a(strcmp.o)
 .text          0x00000000        0x0 c:/nxp/lpcxpresso_8.1.0_597/lpcxpresso/tools/bin/../lib/gcc/arm-none-eabi/5.2.1/../../../../arm-none-eabi/lib/armv6-m\libcr_c.a(strlen.o)
 .data          0x00000000        0x0 c:/nxp/lpcxpresso_8.1.0_597/lpcxpresso/tools/bin/../lib/gcc/arm-none-eabi/5.2.1/../../../../arm-none-eabi/lib/armv6-m\libcr_c.a(strlen.o)
 .bss           0x00000000        0x0 c:/nxp/lpcxpresso_8.1.0_597/lpcxpresso/tools/bin/../lib/gcc/arm-none-eabi/5.2.1/../../../../arm-none-eabi/lib/armv6-m\libcr_c.a(strlen.o)
 .text          0x00000000        0x0 c:/nxp/lpcxpresso_8.1.0_597/lpcxpresso/tools/bin/../lib/gcc/arm-none-eabi/5.2.1/../../../../arm-none-eabi/lib/armv6-m\libcr_c.a(strncmp.o)
 .data          0x00000000        0x0 c:/nxp/lpcxpresso_8.1.0_597/lpcxpresso/tools/bin/../lib/gcc/arm-none-eabi/5.2.1/../../../../arm-none-eabi/lib/armv6-m\libcr_c.a(strncmp.o)
 .bss           0x00000000        0x0 c:/nxp/lpcxpresso_8.1.0_597/lpcxpresso/tools/bin/../lib/gcc/arm-none-eabi/5.2.1/../../../../arm-none-eabi/lib/armv6-m\libcr_c.a(strncmp.o)
 .text          0x00000000        0x0 c:/nxp/lpcxpresso_8.1.0_597/lpcxpresso/tools/bin/../lib/gcc/arm-none-eabi/5.2.1/../../../../arm-none-eabi/lib/armv6-m\libcr_c.a(strncpy.o)
 .data          0x00000000        0x0 c:/nxp/lpcxpresso_8.1.0_597/lpcxpresso/tools/bin/../lib/gcc/arm-none-eabi/5.2.1/../../../../arm-none-eabi/lib/armv6-m\libcr_c.a(strncpy.o)
 .bss           0x00000000        0x0 c:/nxp/lpcxpresso_8.1.0_597/lpcxpresso/tools/bin/../lib/gcc/arm-none-eabi/5.2.1/../../../../arm-none-eabi/lib/armv6-m\libcr_c.a(strncpy.o)
 .text          0x00000000        0x0 c:/nxp/lpcxpresso_8.1.0_597/lpcxpresso/tools/bin/../lib/gcc/arm-none-eabi/5.2.1/armv6-m\libcr_eabihelpers.a(division_32.o)
 .data          0x00000000        0x0 c:/nxp/lpcxpresso_8.1.0_597/lpcxpresso/tools/bin/../lib/gcc/arm-none-eabi/5.2.1/armv6-m\libcr_eabihelpers.a(division_32.o)
 .bss           0x00000000        0x0 c:/nxp/lpcxpresso_8.1.0_597/lpcxpresso/tools/bin/../lib/gcc/arm-none-eabi/5.2.1/armv6-m\libcr_eabihelpers.a(division_32.o)
 .text          0x00000000        0x0 c:/nxp/lpcxpresso_8.1.0_597/lpcxpresso/tools/bin/../lib/gcc/arm-none-eabi/5.2.1/armv6-m\libcr_eabihelpers.a(division_idiv0.o)
 .data          0x00000000        0x0 c:/nxp/lpcxpresso_8.1.0_597/lpcxpresso/tools/bin/../lib/gcc/arm-none-eabi/5.2.1/armv6-m\libcr_eabihelpers.a(division_idiv0.o)
 .bss           0x00000000        0x0 c:/nxp/lpcxpresso_8.1.0_597/lpcxpresso/tools/bin/../lib/gcc/arm-none-eabi/5.2.1/armv6-m\libcr_eabihelpers.a(division_idiv0.o)

Memory Configuration

Name             Origin             Length             Attributes
MFlash4          0x00000000         0x00001000         xr
RamLoc1          0x10000000         0x00000400         xrw
*default*        0x00000000         0xffffffff

Linker script and memory map

LOAD ./src/cr_startup_lpc8xx.o
LOAD ./src/crp.o
LOAD ./src/main.o
LOAD ./src/mrt.o
LOAD ./src/system_LPC8xx.o
LOAD ./src/uart.o
LOAD C:\nxp\work\lpc800_driver_lib\Debug\liblpc800_driver_lib.a
LOAD C:\nxp\work\CMSIS_CORE_LPC8xx\Debug\libCMSIS_CORE_LPC8xx.a
START GROUP
LOAD c:/nxp/lpcxpresso_8.1.0_597/lpcxpresso/tools/bin/../lib/gcc/arm-none-eabi/5.2.1/../../../../arm-none-eabi/lib/armv6-m\libcr_c.a
LOAD c:/nxp/lpcxpresso_8.1.0_597/lpcxpresso/tools/bin/../lib/gcc/arm-none-eabi/5.2.1/armv6-m\libcr_eabihelpers.a
END GROUP
                0x00000000                __base_MFlash4 = 0x0
                0x00000000                __base_Flash = 0x0
                0x00001000                __top_MFlash4 = 0x1000
                0x00001000                __top_Flash = 0x1000
                0x10000000                __base_RamLoc1 = 0x10000000
                0x10000000                __base_RAM = 0x10000000
                0x10000400                __top_RamLoc1 = 0x10000400
                0x10000400                __top_RAM = 0x10000400

.text           0x00000000      0xde8
 FILL mask 0xff
                0x00000000                __vectors_start__ = ABSOLUTE (.)
 *(.isr_vector)
 .isr_vector    0x00000000       0xc0 ./src/cr_startup_lpc8xx.o
                0x00000000                g_pfnVectors
                0x000000c0                . = ALIGN (0x4)
                0x000000c0                __section_table_start = .
                0x000000c0                __data_section_table = .
                0x000000c0        0x4 LONG 0xde8 LOADADDR (.data)
                0x000000c4        0x4 LONG 0x10000000 ADDR (.data)
                0x000000c8        0x4 LONG 0x4 SIZEOF (.data)
                0x000000cc                __data_section_table_end = .
                0x000000cc                __bss_section_table = .
                0x000000cc        0x4 LONG 0x10000004 ADDR (.bss)
                0x000000d0        0x4 LONG 0x84 SIZEOF (.bss)
                0x000000d4                __bss_section_table_end = .
                0x000000d4                __section_table_end = .
 *(.after_vectors*)
 .after_vectors
                0x000000d4       0x70 ./src/cr_startup_lpc8xx.o
                0x000000d4                NMI_Handler
                0x000000d6                HardFault_Handler
                0x000000d8                PendSV_Handler
                0x000000da                SysTick_Handler
                0x000000dc                WKT_IRQHandler
                0x000000dc                CMP_IRQHandler
                0x000000dc                SPI1_IRQHandler
                0x000000dc                UART1_IRQHandler
                0x000000dc                UART0_IRQHandler
                0x000000dc                WDT_IRQHandler
                0x000000dc                SPI0_IRQHandler
                0x000000dc                IntDefaultHandler
                0x000000dc                I2C_IRQHandler
                0x000000dc                PININT3_IRQHandler
                0x000000dc                UART2_IRQHandler
                0x000000dc                BOD_IRQHandler
                0x000000dc                SCT_IRQHandler
                0x000000de                data_init
                0x000000f0                bss_init
                0x00000100                ResetISR
                0x00000140                SVCall_Handler
                0x000002fc                . = 0x2fc
 *fill*         0x00000144      0x1b8 ff
                0x000002fc                PROVIDE (__CRP_WORD_START__, .)
 *(.crp)
 .crp           0x000002fc        0x4 ./src/crp.o
                0x000002fc                CRP_WORD
                0x00000300                PROVIDE (__CRP_WORD_END__, .)
                0x00000001                ASSERT (! ((__CRP_WORD_START__ == __CRP_WORD_END__)), Linker CRP Enabled, but no CRP_WORD provided within application)
 *(.text*)
 .text.transUInt
                0x00000300       0x28 ./src/main.o
                0x00000300                transUInt
 .text.hexToUInt
                0x00000328       0x60 ./src/main.o
                0x00000328                hexToUInt
 .text.LED_Low_Bit
                0x00000388       0x38 ./src/main.o
                0x00000388                LED_Low_Bit
 .text.LED_Hi_Bit
                0x000003c0       0x38 ./src/main.o
                0x000003c0                LED_Hi_Bit
 .text.LED_Set  0x000003f8       0x20 ./src/main.o
                0x000003f8                LED_Set
 .text.LED_Init
                0x00000418       0x20 ./src/main.o
                0x00000418                LED_Init
 .text.Is_bitPosition
                0x00000438       0x5c ./src/main.o
                0x00000438                Is_bitPosition
 .text.LED_Color_RGB
                0x00000494       0x78 ./src/main.o
                0x00000494                LED_Color_RGB
 .text.display_color
                0x0000050c       0x7c ./src/main.o
                0x0000050c                display_color
 .text.init_proc
                0x00000588       0x24 ./src/main.o
                0x00000588                init_proc
 .text.startup.main
                0x000005ac      0x114 ./src/main.o
                0x000005ac                main
 .text.MRT_IRQHandler
                0x000006c0       0x20 ./src/mrt.o
                0x000006c0                MRT_IRQHandler
 .text.mrtInit  0x000006e0       0x4c ./src/mrt.o
                0x000006e0                mrtInit
 .text.mrtDelay
                0x0000072c       0x14 ./src/mrt.o
                0x0000072c                mrtDelay
 .text.SystemCoreClockUpdate
                0x00000740       0x84 ./src/system_LPC8xx.o
                0x00000740                SystemCoreClockUpdate
 .text.SystemInit
                0x000007c4       0x18 ./src/system_LPC8xx.o
                0x000007c4                SystemInit
 .text.uart0Init
                0x000007dc       0xa0 ./src/uart.o
                0x000007dc                uart0Init
 .text.uart0test
                0x0000087c       0x10 ./src/uart.o
                0x0000087c                uart0test
 .text.uart0read
                0x0000088c        0xc ./src/uart.o
                0x0000088c                uart0read
 .text.uart0puts
                0x00000898       0x28 ./src/uart.o
                0x00000898                uart0puts
 .text.PININT_Handler
                0x000008c0      0x1c4 C:\nxp\work\lpc800_driver_lib\Debug\liblpc800_driver_lib.a(lpc8xx_gpio.o)
                0x000008c0                PININT_Handler
 .text.PININT0_IRQHandler
                0x00000a84       0x10 C:\nxp\work\lpc800_driver_lib\Debug\liblpc800_driver_lib.a(lpc8xx_gpio.o)
                0x00000a84                PININT0_IRQHandler
 .text.PININT1_IRQHandler
                0x00000a94       0x10 C:\nxp\work\lpc800_driver_lib\Debug\liblpc800_driver_lib.a(lpc8xx_gpio.o)
                0x00000a94                PININT1_IRQHandler
 .text.PININT2_IRQHandler
                0x00000aa4       0x10 C:\nxp\work\lpc800_driver_lib\Debug\liblpc800_driver_lib.a(lpc8xx_gpio.o)
                0x00000aa4                PININT2_IRQHandler
 .text.PININT4_IRQHandler
                0x00000ab4       0x10 C:\nxp\work\lpc800_driver_lib\Debug\liblpc800_driver_lib.a(lpc8xx_gpio.o)
                0x00000ab4                PININT4_IRQHandler
 .text.PININT5_IRQHandler
                0x00000ac4       0x10 C:\nxp\work\lpc800_driver_lib\Debug\liblpc800_driver_lib.a(lpc8xx_gpio.o)
                0x00000ac4                PININT5_IRQHandler
 .text.PININT6_IRQHandler
                0x00000ad4       0x10 C:\nxp\work\lpc800_driver_lib\Debug\liblpc800_driver_lib.a(lpc8xx_gpio.o)
                0x00000ad4                PININT6_IRQHandler
 .text.PININT7_IRQHandler
                0x00000ae4       0x10 C:\nxp\work\lpc800_driver_lib\Debug\liblpc800_driver_lib.a(lpc8xx_gpio.o)
                0x00000ae4                PININT7_IRQHandler
 .text.GPIOSetBitValue
                0x00000af4       0x44 C:\nxp\work\lpc800_driver_lib\Debug\liblpc800_driver_lib.a(lpc8xx_gpio.o)
                0x00000af4                GPIOSetBitValue
 .text.GPIOSetDir
                0x00000b38       0x5c C:\nxp\work\lpc800_driver_lib\Debug\liblpc800_driver_lib.a(lpc8xx_gpio.o)
                0x00000b38                GPIOSetDir
 .text.__weak_main
                0x00000b94        0x8 c:/nxp/lpcxpresso_8.1.0_597/lpcxpresso/tools/bin/../lib/gcc/arm-none-eabi/5.2.1/../../../../arm-none-eabi/lib/armv6-m\libcr_c.a(__weak__main.o)
                0x00000b94                __weak_main
                0x00000b94                __main
 .text.strcmp   0x00000b9c       0x44 c:/nxp/lpcxpresso_8.1.0_597/lpcxpresso/tools/bin/../lib/gcc/arm-none-eabi/5.2.1/../../../../arm-none-eabi/lib/armv6-m\libcr_c.a(strcmp.o)
                0x00000b9c                strcmp
 .text.strlen   0x00000be0       0x54 c:/nxp/lpcxpresso_8.1.0_597/lpcxpresso/tools/bin/../lib/gcc/arm-none-eabi/5.2.1/../../../../arm-none-eabi/lib/armv6-m\libcr_c.a(strlen.o)
                0x00000be0                strlen
 .text.strncmp  0x00000c34       0x54 c:/nxp/lpcxpresso_8.1.0_597/lpcxpresso/tools/bin/../lib/gcc/arm-none-eabi/5.2.1/../../../../arm-none-eabi/lib/armv6-m\libcr_c.a(strncmp.o)
                0x00000c34                strncmp
 .text.strncpy  0x00000c88       0x58 c:/nxp/lpcxpresso_8.1.0_597/lpcxpresso/tools/bin/../lib/gcc/arm-none-eabi/5.2.1/../../../../arm-none-eabi/lib/armv6-m\libcr_c.a(strncpy.o)
                0x00000c88                strncpy
 .text.__aeabi_division_idivmod
                0x00000ce0       0x78 c:/nxp/lpcxpresso_8.1.0_597/lpcxpresso/tools/bin/../lib/gcc/arm-none-eabi/5.2.1/armv6-m\libcr_eabihelpers.a(division_32.o)
                0x00000ce0                __aeabi_idivmod
                0x00000ce0                __aeabi_idiv
                0x00000ce6                __aeabi_uidivmod
                0x00000ce6                __aeabi_uidiv
 .text.__aeabi_division_idiv0
                0x00000d58        0x2 c:/nxp/lpcxpresso_8.1.0_597/lpcxpresso/tools/bin/../lib/gcc/arm-none-eabi/5.2.1/armv6-m\libcr_eabihelpers.a(division_idiv0.o)
                0x00000d58                __aeabi_idiv0
 *(.rodata .rodata.* .constdata .constdata.*)
 *fill*         0x00000d5a        0x2 ff
 .rodata.str1.4
                0x00000d5c       0x30 ./src/main.o
                                 0x2e (size before relaxing)
 .rodata.CSWTCH.6
                0x00000d8c       0x3c ./src/system_LPC8xx.o
 .rodata.PININT_Handler
                0x00000dc8       0x20 C:\nxp\work\lpc800_driver_lib\Debug\liblpc800_driver_lib.a(lpc8xx_gpio.o)
                0x00000de8                . = ALIGN (0x4)

.glue_7         0x00000de8        0x0
 .glue_7        0x00000de8        0x0 linker stubs

.glue_7t        0x00000de8        0x0
 .glue_7t       0x00000de8        0x0 linker stubs

.vfp11_veneer   0x00000de8        0x0
 .vfp11_veneer  0x00000de8        0x0 linker stubs

.v4_bx          0x00000de8        0x0
 .v4_bx         0x00000de8        0x0 linker stubs

.iplt           0x00000de8        0x0
 .iplt          0x00000de8        0x0 ./src/cr_startup_lpc8xx.o

.rel.dyn        0x00000de8        0x0
 .rel.iplt      0x00000de8        0x0 ./src/cr_startup_lpc8xx.o

.ARM.extab
 *(.ARM.extab* .gnu.linkonce.armextab.*)
                0x00000de8                __exidx_start = .

.ARM.exidx
 *(.ARM.exidx* .gnu.linkonce.armexidx.*)
                0x00000de8                __exidx_end = .
                0x00000de8                _etext = .

.mtb_buffer_default
 *(.mtb*)

.uninit_RESERVED
                0x10000000        0x0
 *(.bss.$RESERVED*)
                0x10000000                . = ALIGN (0x4)
                0x10000000                _end_uninit_RESERVED = .

.data           0x10000000        0x4 load address 0x00000de8
 FILL mask 0xff
                0x10000000                _data = .
 *(vtable)
 *(.ramfunc*)
 *(.data*)
 .data.SystemCoreClock
                0x10000000        0x4 ./src/system_LPC8xx.o
                0x10000000                SystemCoreClock
                0x10000004                . = ALIGN (0x4)
                0x10000004                _edata = .

.igot.plt       0x10000004        0x0 load address 0x00000dec
 .igot.plt      0x10000004        0x0 ./src/cr_startup_lpc8xx.o

.bss            0x10000004       0x84 load address 0x00000dec
                0x10000004                _bss = .
 *(.bss*)
 .bss.mrt_counter
                0x10000004        0x4 ./src/mrt.o
                0x10000004                mrt_counter
 .bss.flex_int_counter
                0x10000008       0x20 C:\nxp\work\lpc800_driver_lib\Debug\liblpc800_driver_lib.a(lpc8xx_gpio.o)
                0x10000008                flex_int_counter
 .bss.flex_int_level_counter
                0x10000028       0x20 C:\nxp\work\lpc800_driver_lib\Debug\liblpc800_driver_lib.a(lpc8xx_gpio.o)
                0x10000028                flex_int_level_counter
 .bss.flex_int_rising_edge_counter
                0x10000048       0x20 C:\nxp\work\lpc800_driver_lib\Debug\liblpc800_driver_lib.a(lpc8xx_gpio.o)
                0x10000048                flex_int_rising_edge_counter
 .bss.flex_int_falling_edge_counter
                0x10000068       0x20 C:\nxp\work\lpc800_driver_lib\Debug\liblpc800_driver_lib.a(lpc8xx_gpio.o)
                0x10000068                flex_int_falling_edge_counter
 *(COMMON)
                0x10000088                . = ALIGN (0x4)
                0x10000088                _ebss = .
                [!provide]                PROVIDE (end, .)

.noinit         0x10000088        0x0 load address 0x00000dec
                0x10000088                _noinit = .
 *(.noinit*)
                0x10000088                . = ALIGN (0x4)
                0x10000088                _end_noinit = .
                [!provide]                PROVIDE (_pvHeapStart, DEFINED (__user_heap_base)?__user_heap_base:.)
                0x10000400                PROVIDE (_vStackTop, DEFINED (__user_stack_top)?__user_stack_top:(__top_RamLoc1 - 0x0))
                [!provide]                PROVIDE (__valid_user_code_checksum, (0x0 - (((_vStackTop + (ResetISR + 0x1)) + (DEFINED (NMI_Handler)?NMI_Handler:M0_NMI_Handler + 0x1)) + (DEFINED (HardFault_Handler)?HardFault_Handler:M0_HardFault_Handler + 0x1))))
OUTPUT(UART2.axf elf32-littlearm)

.debug_info     0x00000000     0x1008
 .debug_info    0x00000000       0xc5 ./src/cr_startup_lpc8xx.o
 .debug_info    0x000000c5      0x161 ./src/main.o
 .debug_info    0x00000226       0x76 ./src/mrt.o
 .debug_info    0x0000029c       0x48 ./src/system_LPC8xx.o
 .debug_info    0x000002e4       0xeb ./src/uart.o
 .debug_info    0x000003cf      0xc39 C:\nxp\work\lpc800_driver_lib\Debug\liblpc800_driver_lib.a(lpc8xx_gpio.o)

.debug_abbrev   0x00000000      0x495
 .debug_abbrev  0x00000000       0x72 ./src/cr_startup_lpc8xx.o
 .debug_abbrev  0x00000072       0xa9 ./src/main.o
 .debug_abbrev  0x0000011b       0x5e ./src/mrt.o
 .debug_abbrev  0x00000179       0x40 ./src/system_LPC8xx.o
 .debug_abbrev  0x000001b9       0xba ./src/uart.o
 .debug_abbrev  0x00000273      0x222 C:\nxp\work\lpc800_driver_lib\Debug\liblpc800_driver_lib.a(lpc8xx_gpio.o)

.debug_aranges  0x00000000      0x250
 .debug_aranges
                0x00000000       0x60 ./src/cr_startup_lpc8xx.o
 .debug_aranges
                0x00000060       0x80 ./src/main.o
 .debug_aranges
                0x000000e0       0x30 ./src/mrt.o
 .debug_aranges
                0x00000110       0x28 ./src/system_LPC8xx.o
 .debug_aranges
                0x00000138       0x48 ./src/uart.o
 .debug_aranges
                0x00000180       0xd0 C:\nxp\work\lpc800_driver_lib\Debug\liblpc800_driver_lib.a(lpc8xx_gpio.o)

.debug_ranges   0x00000000      0x2d0
 .debug_ranges  0x00000000       0x50 ./src/cr_startup_lpc8xx.o
 .debug_ranges  0x00000050       0xf8 ./src/main.o
 .debug_ranges  0x00000148       0x20 ./src/mrt.o
 .debug_ranges  0x00000168       0x18 ./src/system_LPC8xx.o
 .debug_ranges  0x00000180       0x90 ./src/uart.o
 .debug_ranges  0x00000210       0xc0 C:\nxp\work\lpc800_driver_lib\Debug\liblpc800_driver_lib.a(lpc8xx_gpio.o)

.debug_line     0x00000000      0x8ff
 .debug_line    0x00000000       0x8c ./src/cr_startup_lpc8xx.o
 .debug_line    0x0000008c        0x0 ./src/crp.o
 .debug_line    0x0000008c      0x22e ./src/main.o
 .debug_line    0x000002ba       0x97 ./src/mrt.o
 .debug_line    0x00000351       0x86 ./src/system_LPC8xx.o
 .debug_line    0x000003d7      0x126 ./src/uart.o
 .debug_line    0x000004fd      0x402 C:\nxp\work\lpc800_driver_lib\Debug\liblpc800_driver_lib.a(lpc8xx_gpio.o)

.debug_str      0x00000000     0x5ea3
 .debug_str     0x00000000      0x15a ./src/cr_startup_lpc8xx.o
 .debug_str     0x0000015a       0xba ./src/crp.o
                                 0xd2 (size before relaxing)
 .debug_str     0x00000214       0x9e ./src/main.o
                                0x163 (size before relaxing)
 .debug_str     0x000002b2       0x3c ./src/mrt.o
                                0x101 (size before relaxing)
 .debug_str     0x000002ee       0x38 ./src/system_LPC8xx.o
                                 0xfd (size before relaxing)
 .debug_str     0x00000326       0x5e ./src/uart.o
                                0x132 (size before relaxing)
 .debug_str     0x00000384     0x5b1f C:\nxp\work\lpc800_driver_lib\Debug\liblpc800_driver_lib.a(lpc8xx_gpio.o)
                               0x5bc6 (size before relaxing)

.comment        0x00000000       0x6e
 .comment       0x00000000       0x6e ./src/cr_startup_lpc8xx.o
                                 0x6f (size before relaxing)
 .comment       0x0000006e       0x6f ./src/crp.o
 .comment       0x0000006e       0x6f ./src/main.o
 .comment       0x0000006e       0x6f ./src/mrt.o
 .comment       0x0000006e       0x6f ./src/system_LPC8xx.o
 .comment       0x0000006e       0x6f ./src/uart.o
 .comment       0x0000006e       0x6f C:\nxp\work\lpc800_driver_lib\Debug\liblpc800_driver_lib.a(lpc8xx_gpio.o)
 .comment       0x0000006e       0x6f c:/nxp/lpcxpresso_8.1.0_597/lpcxpresso/tools/bin/../lib/gcc/arm-none-eabi/5.2.1/../../../../arm-none-eabi/lib/armv6-m\libcr_c.a(__weak__main.o)
 .comment       0x0000006e       0x6f c:/nxp/lpcxpresso_8.1.0_597/lpcxpresso/tools/bin/../lib/gcc/arm-none-eabi/5.2.1/../../../../arm-none-eabi/lib/armv6-m\libcr_c.a(strcmp.o)
 .comment       0x0000006e       0x6f c:/nxp/lpcxpresso_8.1.0_597/lpcxpresso/tools/bin/../lib/gcc/arm-none-eabi/5.2.1/../../../../arm-none-eabi/lib/armv6-m\libcr_c.a(strlen.o)
 .comment       0x0000006e       0x6f c:/nxp/lpcxpresso_8.1.0_597/lpcxpresso/tools/bin/../lib/gcc/arm-none-eabi/5.2.1/../../../../arm-none-eabi/lib/armv6-m\libcr_c.a(strncmp.o)
 .comment       0x0000006e       0x6f c:/nxp/lpcxpresso_8.1.0_597/lpcxpresso/tools/bin/../lib/gcc/arm-none-eabi/5.2.1/../../../../arm-none-eabi/lib/armv6-m\libcr_c.a(strncpy.o)

.ARM.attributes
                0x00000000       0x2f
 .ARM.attributes
                0x00000000       0x31 ./src/cr_startup_lpc8xx.o
 .ARM.attributes
                0x00000031       0x31 ./src/crp.o
 .ARM.attributes
                0x00000062       0x31 ./src/main.o
 .ARM.attributes
                0x00000093       0x31 ./src/mrt.o
 .ARM.attributes
                0x000000c4       0x31 ./src/system_LPC8xx.o
 .ARM.attributes
                0x000000f5       0x31 ./src/uart.o
 .ARM.attributes
                0x00000126       0x31 C:\nxp\work\lpc800_driver_lib\Debug\liblpc800_driver_lib.a(lpc8xx_gpio.o)
 .ARM.attributes
                0x00000157       0x31 c:/nxp/lpcxpresso_8.1.0_597/lpcxpresso/tools/bin/../lib/gcc/arm-none-eabi/5.2.1/../../../../arm-none-eabi/lib/armv6-m\libcr_c.a(__weak__main.o)
 .ARM.attributes
                0x00000188       0x31 c:/nxp/lpcxpresso_8.1.0_597/lpcxpresso/tools/bin/../lib/gcc/arm-none-eabi/5.2.1/../../../../arm-none-eabi/lib/armv6-m\libcr_c.a(strcmp.o)
 .ARM.attributes
                0x000001b9       0x31 c:/nxp/lpcxpresso_8.1.0_597/lpcxpresso/tools/bin/../lib/gcc/arm-none-eabi/5.2.1/../../../../arm-none-eabi/lib/armv6-m\libcr_c.a(strlen.o)
 .ARM.attributes
                0x000001ea       0x31 c:/nxp/lpcxpresso_8.1.0_597/lpcxpresso/tools/bin/../lib/gcc/arm-none-eabi/5.2.1/../../../../arm-none-eabi/lib/armv6-m\libcr_c.a(strncmp.o)
 .ARM.attributes
                0x0000021b       0x31 c:/nxp/lpcxpresso_8.1.0_597/lpcxpresso/tools/bin/../lib/gcc/arm-none-eabi/5.2.1/../../../../arm-none-eabi/lib/armv6-m\libcr_c.a(strncpy.o)
 .ARM.attributes
                0x0000024c       0x21 c:/nxp/lpcxpresso_8.1.0_597/lpcxpresso/tools/bin/../lib/gcc/arm-none-eabi/5.2.1/armv6-m\libcr_eabihelpers.a(division_32.o)
 .ARM.attributes
                0x0000026d       0x21 c:/nxp/lpcxpresso_8.1.0_597/lpcxpresso/tools/bin/../lib/gcc/arm-none-eabi/5.2.1/armv6-m\libcr_eabihelpers.a(division_idiv0.o)

.debug_frame    0x00000000      0x5f8
 .debug_frame   0x00000000       0xb0 ./src/cr_startup_lpc8xx.o
 .debug_frame   0x000000b0      0x164 ./src/main.o
 .debug_frame   0x00000214       0x48 ./src/mrt.o
 .debug_frame   0x0000025c       0x38 ./src/system_LPC8xx.o
 .debug_frame   0x00000294       0x9c ./src/uart.o
 .debug_frame   0x00000330      0x2c8 C:\nxp\work\lpc800_driver_lib\Debug\liblpc800_driver_lib.a(lpc8xx_gpio.o)

.debug_macro    0x00000000     0x14da
 .debug_macro   0x00000000       0x88 C:\nxp\work\lpc800_driver_lib\Debug\liblpc800_driver_lib.a(lpc8xx_gpio.o)
 .debug_macro   0x00000088      0x83e C:\nxp\work\lpc800_driver_lib\Debug\liblpc800_driver_lib.a(lpc8xx_gpio.o)
 .debug_macro   0x000008c6       0x1c C:\nxp\work\lpc800_driver_lib\Debug\liblpc800_driver_lib.a(lpc8xx_gpio.o)
 .debug_macro   0x000008e2       0x3a C:\nxp\work\lpc800_driver_lib\Debug\liblpc800_driver_lib.a(lpc8xx_gpio.o)
 .debug_macro   0x0000091c       0x10 C:\nxp\work\lpc800_driver_lib\Debug\liblpc800_driver_lib.a(lpc8xx_gpio.o)
 .debug_macro   0x0000092c      0x12d C:\nxp\work\lpc800_driver_lib\Debug\liblpc800_driver_lib.a(lpc8xx_gpio.o)
 .debug_macro   0x00000a59      0x5b2 C:\nxp\work\lpc800_driver_lib\Debug\liblpc800_driver_lib.a(lpc8xx_gpio.o)
 .debug_macro   0x0000100b       0x1f C:\nxp\work\lpc800_driver_lib\Debug\liblpc800_driver_lib.a(lpc8xx_gpio.o)
 .debug_macro   0x0000102a      0x242 C:\nxp\work\lpc800_driver_lib\Debug\liblpc800_driver_lib.a(lpc8xx_gpio.o)
 .debug_macro   0x0000126c      0x146 C:\nxp\work\lpc800_driver_lib\Debug\liblpc800_driver_lib.a(lpc8xx_gpio.o)
 .debug_macro   0x000013b2       0x16 C:\nxp\work\lpc800_driver_lib\Debug\liblpc800_driver_lib.a(lpc8xx_gpio.o)
 .debug_macro   0x000013c8      0x112 C:\nxp\work\lpc800_driver_lib\Debug\liblpc800_driver_lib.a(lpc8xx_gpio.o)
